// Jest Snapshot v1, https://goo.gl/fbAQLP

exports[`renders correctly 1`] = `
<div
  className="main"
>
  <div
    className="container"
  >
    <input
      className="screen"
      type="text"
      value="0"
    />
    <button
      className="buttons no"
      onClick={[Function]}
      type="button"
    >
      AC
    </button>
    <button
      className="buttons no"
      onClick={[Function]}
      type="button"
    >
      +/-
    </button>
    <button
      className="buttons no"
      onClick={[Function]}
      type="button"
    >
      %
    </button>
    <button
      className="buttons func"
      onClick={[Function]}
      type="button"
    >
      รท
    </button>
    <button
      className="buttons no"
      onClick={[Function]}
      type="button"
    >
      7
    </button>
    <button
      className="buttons no"
      onClick={[Function]}
      type="button"
    >
      8
    </button>
    <button
      className="buttons no"
      onClick={[Function]}
      type="button"
    >
      9
    </button>
    <button
      className="buttons func"
      onClick={[Function]}
      type="button"
    >
      *
    </button>
    <button
      className="buttons no"
      onClick={[Function]}
      type="button"
    >
      4
    </button>
    <button
      className="buttons no"
      onClick={[Function]}
      type="button"
    >
      5
    </button>
    <button
      className="buttons no"
      onClick={[Function]}
      type="button"
    >
      6
    </button>
    <button
      className="buttons func"
      onClick={[Function]}
      type="button"
    >
      +
    </button>
    <button
      className="buttons no"
      onClick={[Function]}
      type="button"
    >
      1
    </button>
    <button
      className="buttons no"
      onClick={[Function]}
      type="button"
    >
      2
    </button>
    <button
      className="buttons no"
      onClick={[Function]}
      type="button"
    >
      3
    </button>
    <button
      className="buttons func"
      onClick={[Function]}
      type="button"
    >
      -
    </button>
    <button
      className="buttons zero"
      onClick={[Function]}
      type="button"
    >
      0
    </button>
    <button
      className="buttons"
      onClick={[Function]}
      type="button"
    >
      .
    </button>
    <button
      className="buttons func"
      onClick={[Function]}
      type="button"
    >
      =
    </button>
  </div>
  <h2>
    Lets do some math!
  </h2>
</div>
`;
