// Jest Snapshot v1, https://goo.gl/fbAQLP

exports[`renders correctly 1`] = `
<div>
  <h3>
    Mathematics is not about numbers, equations, compulations or algorithms. It is about understanding.
  </h3>
  <p>
    --Wiliam Paul Thurston
  </p>
</div>
`;
